main.c:94:5:_write	24	static
main.c:105:5:main	8	static
main.c:200:6:SystemClock_Config	248	static
main.c:257:13:MX_LPUART1_UART_Init	8	static
main.c:305:13:MX_UART4_Init	8	static
main.c:352:13:MX_DMA_Init	16	static
main.c:371:13:MX_GPIO_Init	48	static
main.c:401:6:HAL_UART_RxCpltCallback	16	static
main.c:420:6:StartTransmitTask	96	static
main.c:456:6:StartTransmitTask_BT	96	static
main.c:489:6:HAL_TIM_PeriodElapsedCallback	16	static
main.c:506:6:Error_Handler	4	static,ignoring_inline_asm
