main.c:111:5:main	8	static
main.c:207:6:SystemClock_Config	248	static
main.c:264:13:MX_LPUART1_UART_Init	8	static
main.c:312:13:MX_UART4_Init	8	static
main.c:359:13:MX_DMA_Init	16	static
main.c:378:13:MX_GPIO_Init	24	static
main.c:391:6:HAL_UART_RxCpltCallback	16	static
main.c:410:6:StartTransmitTask_Serial	96	static
main.c:443:6:StartTransmitTask_BT	96	static
main.c:475:6:StartPingTask	24	static
main.c:496:6:HAL_TIM_PeriodElapsedCallback	16	static
main.c:513:6:Error_Handler	4	static,ignoring_inline_asm
