main.c:114:5:main	8	static
main.c:211:6:SystemClock_Config	248	static
main.c:268:13:MX_LPUART1_UART_Init	8	static
main.c:316:13:MX_UART4_Init	8	static
main.c:363:13:MX_DMA_Init	16	static
main.c:382:13:MX_GPIO_Init	24	static
main.c:395:6:HAL_UART_RxCpltCallback	16	static
main.c:414:6:StartTransmitTask_Serial	96	static
main.c:447:6:StartTransmitTask_BT	96	static
main.c:479:6:StartPingTask	16	static
main.c:531:6:HAL_TIM_PeriodElapsedCallback	16	static
main.c:548:6:Error_Handler	4	static,ignoring_inline_asm
