main.c:117:5:main	8	static
main.c:214:6:SystemClock_Config	248	static
main.c:271:13:MX_LPUART1_UART_Init	8	static
main.c:319:13:MX_UART4_Init	8	static
main.c:366:13:MX_DMA_Init	16	static
main.c:385:13:MX_GPIO_Init	24	static
main.c:398:6:HAL_UART_RxCpltCallback	16	static
main.c:417:6:StartTransmitTask_Serial	96	static
main.c:450:6:StartTransmitTask_BT	96	static
main.c:482:6:StartPingTask	24	static
main.c:509:6:HAL_TIM_PeriodElapsedCallback	16	static
main.c:526:6:Error_Handler	4	static,ignoring_inline_asm
